BMAPBOLOˆÿd‘ˆÿdˆ‘ÿd‡ÿd‘‰ÿd‡‘ÿd~ŠÿdŠ’ÿd’†ÿd†~ÿdvˆÿdšˆÿdˆšÿdˆvÿ2ˆÿ2‰ÿ2ˆ›ÿZZZuˆÿZZZ›ˆÿZZZ€˜ÿZZZxÿZZZ˜ÿZZZ˜ÿZZZx€ÿZZZ€xÿZZZ‚‚ÿZZZ‚ŽÿZZZŽŽÿZZZ˜€ÿZZZxÿZZZŽ‚ÿZZZˆuÿZZZvyyvvv—v
šy
šv
šš—šš—všv—yšdˆ‰e‡Š'Wf†‹‡ W	g…Œ7WXPp
h„XQ…
iƒŽXQu¥j‚YRpZPp
kZQuÅl€‘[Rp\Pp
m’\Quån~“]Rp^Ppo}”^Quå…p|•^SWå…q{–^XQuå¥rz—^ZQå¥sz—^YQuåµt{–^XRp^YPpu|•^QW×µ
v}”´À@w{–äYQ•äxy˜ÔJHQJAtÄyx™äÔ5NL@zrt@zx™„NICPTä”@@zŸp{quQT{wš¤NIAä”I@{œ QW|pvYP@|wš´NHAä„J@|›¡YPp}o¢[]ATää¤LLPp~n£\^ATää„MMPpm¤]^BENNATäå€l¥^XAtÄNLATÄAEåk¦^QTä„5uNCWTä„å…‚j§^SWäxzA”—ä„^XPpƒi¨^XRpNDEuIA”5uNB@^YPp„h©^YSpTäÄ5NLBP^ZPp…gª^ZSpTäÄ5NLBP^[Pp†f«^[RpQTä¤…QTä¤…^\Pp‡e¬^\RpY^AE•Y^AE•xqW‡xqW§#ˆd­wPPPWqp°´ÀLwpPPPPp‰e¬§…ç—Y^AE•Y^AE• uåÅŠf«^\QNJHQNJHR^[Pp‹gª^[RNLCPTäÄ5^ZPpŒh©^ZRNLCPTäÄ5^YPpi¨^YQäDWT”ICWTä4^XPpŽj§^XQäDst”ICttä4^QWk¦^QTä„5uNCWTä„å…l¥^XA4ÄNLATä^Pp‘m¤]^BENNATäå’n£\^ATää„MMPp“o¢[]ATää¤LLPp”pvYPp”wš´NHAä„J@”›¡YPp•quQW•wš¤NIAä”I@•œ QW–rtp–x™„NICPTä”@@–Ÿp—x™äÔ5NL@˜y˜ÔJHQNJ@™{–äYQ•ä
š}”´À@›|•Z\r7^QTœ{–^YR^XP@z—^[Quå•žz—^ZR^YPpŸ{–^ZQuå… |•^XR^QW
¡}”^^ZPp
¢~“^Qå
£’^QuÅ
¤€‘\QÅ
¥\Qu¥
¦‚ZQ¥
§ƒŽZQu…
¨„XRQW	©…ŒXRupª†‹7Ppp«‡Š'W¬ˆ‰ÿÿÿ